[2026-05-04T14:49:36+00:00] mode=confirm, sites=['restaurant-pi-1', 'reolink-matthews-01'], batch_size=100, min_age_minutes=60, download_workers=4, delete_workers=4
[2026-05-04T14:49:37+00:00] Phase 0: temp_processing/ is already empty; skipping.
[2026-05-04T14:49:37+00:00] [restaurant-pi-1] resolving site root...
[2026-05-04T14:49:38+00:00] [restaurant-pi-1] site root id=1ne807FkfdIjNpsVmig5P492_6x0pOe8x, unassociated id=1fxtZ8PfOQJI4gwwDBmSyBpNBIcWvLPsQ
[2026-05-04T14:49:38+00:00] [restaurant-pi-1] reading manifest log to skip already-archived triplets...
[2026-05-04T14:49:41+00:00] [restaurant-pi-1] 950 triplet ids already archived in prior runs.
[2026-05-04T14:55:02+00:00] [restaurant-pi-1] found 56594 eligible triplets (after age>60min and archive-skip filters).
[2026-05-04T14:55:10+00:00] [restaurant-pi-1] batch 1/566: downloading 100 triplets (4 workers)...
[2026-05-04T14:55:53+00:00] [restaurant-pi-1] batch 1/566: zipping...
[2026-05-04T14:55:55+00:00] [restaurant-pi-1] batch 1/566: uploading 56.0 MB to unassociated_zips/ (resumable, 8 MB chunks)...
[2026-05-04T14:56:00+00:00]   ...uploaded 8.0/56.0 MB (14%)
[2026-05-04T14:56:03+00:00]   ...uploaded 16.0/56.0 MB (28%)
[2026-05-04T14:56:07+00:00]   ...uploaded 24.0/56.0 MB (42%)
[2026-05-04T14:56:11+00:00]   ...uploaded 32.0/56.0 MB (57%)
[2026-05-04T14:56:15+00:00]   ...uploaded 40.0/56.0 MB (71%)
[2026-05-04T14:56:19+00:00]   ...uploaded 48.0/56.0 MB (85%)
[2026-05-04T14:56:24+00:00] [restaurant-pi-1] batch 1/566: verifying upload (size + md5 + roundtrip + manifest)...
[2026-05-04T14:56:30+00:00] [restaurant-pi-1] batch 1/566: appending manifest log entry...
[2026-05-04T14:56:32+00:00] [restaurant-pi-1] batch 1/566: deleting 100 archived triplet folders (4 workers)...
[2026-05-04T14:56:55+00:00] [restaurant-pi-1] batch 1/566: done. zipped 100 triplets, skipped 0 (left on Drive for retry), deleted 100 originals, freed ~400 items.
[2026-05-04T14:57:04+00:00] [restaurant-pi-1] batch 2/566: downloading 100 triplets (4 workers)...
[2026-05-04T14:57:48+00:00] [restaurant-pi-1] batch 2/566: zipping...
[2026-05-04T14:57:50+00:00] [restaurant-pi-1] batch 2/566: uploading 56.0 MB to unassociated_zips/ (resumable, 8 MB chunks)...
[2026-05-04T14:57:56+00:00]   ...uploaded 8.0/56.0 MB (14%)
[2026-05-04T14:57:59+00:00]   ...uploaded 16.0/56.0 MB (28%)
[2026-05-04T14:58:04+00:00]   ...uploaded 24.0/56.0 MB (42%)
[2026-05-04T14:58:08+00:00]   ...uploaded 32.0/56.0 MB (57%)
[2026-05-04T14:58:11+00:00]   ...uploaded 40.0/56.0 MB (71%)
[2026-05-04T14:58:17+00:00]   ...uploaded 48.0/56.0 MB (85%)
[2026-05-04T14:58:21+00:00]   ...uploaded 56.0/56.0 MB (99%)
[2026-05-04T14:58:22+00:00] [restaurant-pi-1] batch 2/566: verifying upload (size + md5 + roundtrip + manifest)...
[2026-05-04T14:58:27+00:00] [restaurant-pi-1] batch 2/566: appending manifest log entry...
[2026-05-04T14:58:29+00:00] [restaurant-pi-1] batch 2/566: deleting 100 archived triplet folders (4 workers)...
[2026-05-04T14:58:47+00:00] [restaurant-pi-1] batch 2/566: done. zipped 100 triplets, skipped 0 (left on Drive for retry), deleted 100 originals, freed ~400 items.
[2026-05-04T14:58:55+00:00] [restaurant-pi-1] batch 3/566: downloading 100 triplets (4 workers)...
[2026-05-04T14:59:39+00:00] [restaurant-pi-1] batch 3/566: zipping...
[2026-05-04T14:59:41+00:00] [restaurant-pi-1] batch 3/566: uploading 56.0 MB to unassociated_zips/ (resumable, 8 MB chunks)...
[2026-05-04T14:59:45+00:00]   ...uploaded 8.0/56.0 MB (14%)
[2026-05-04T14:59:49+00:00]   ...uploaded 16.0/56.0 MB (28%)
[2026-05-04T14:59:53+00:00]   ...uploaded 24.0/56.0 MB (42%)
[2026-05-04T14:59:57+00:00]   ...uploaded 32.0/56.0 MB (57%)
[2026-05-04T15:00:01+00:00]   ...uploaded 40.0/56.0 MB (71%)
[2026-05-04T15:00:05+00:00]   ...uploaded 48.0/56.0 MB (85%)
[2026-05-04T15:00:08+00:00]   ...uploaded 56.0/56.0 MB (99%)
[2026-05-04T15:00:10+00:00] [restaurant-pi-1] batch 3/566: verifying upload (size + md5 + roundtrip + manifest)...
[2026-05-04T15:00:15+00:00] [restaurant-pi-1] batch 3/566: appending manifest log entry...
[2026-05-04T15:00:19+00:00] [restaurant-pi-1] batch 3/566: deleting 100 archived triplet folders (4 workers)...
[2026-05-04T15:00:41+00:00] [restaurant-pi-1] batch 3/566: done. zipped 100 triplets, skipped 0 (left on Drive for retry), deleted 100 originals, freed ~400 items.
[2026-05-04T15:00:50+00:00] [restaurant-pi-1] batch 4/566: downloading 100 triplets (4 workers)...
[2026-05-04T15:01:51+00:00] [restaurant-pi-1] batch 4/566: zipping...
[2026-05-04T15:01:53+00:00] [restaurant-pi-1] batch 4/566: uploading 56.3 MB to unassociated_zips/ (resumable, 8 MB chunks)...
[2026-05-04T15:01:59+00:00]   ...uploaded 8.0/56.3 MB (14%)
[2026-05-04T15:02:03+00:00]   ...uploaded 16.0/56.3 MB (28%)
[2026-05-04T15:02:23+00:00]   ...uploaded 24.0/56.3 MB (42%)
[2026-05-04T15:02:27+00:00]   ...uploaded 32.0/56.3 MB (56%)
[2026-05-04T15:02:31+00:00]   ...uploaded 40.0/56.3 MB (70%)
[2026-05-04T15:02:34+00:00]   ...uploaded 48.0/56.3 MB (85%)
[2026-05-04T15:02:39+00:00]   ...uploaded 56.0/56.3 MB (99%)
[2026-05-04T15:02:40+00:00] [restaurant-pi-1] batch 4/566: verifying upload (size + md5 + roundtrip + manifest)...
[2026-05-04T15:02:46+00:00] [restaurant-pi-1] batch 4/566: appending manifest log entry...
[2026-05-04T15:02:48+00:00] [restaurant-pi-1] batch 4/566: deleting 100 archived triplet folders (4 workers)...
[2026-05-04T15:03:10+00:00] [restaurant-pi-1] batch 4/566: done. zipped 100 triplets, skipped 0 (left on Drive for retry), deleted 100 originals, freed ~400 items.
[2026-05-04T15:03:19+00:00] [restaurant-pi-1] batch 5/566: downloading 100 triplets (4 workers)...
[2026-05-04T15:04:20+00:00] [restaurant-pi-1] batch 5/566: zipping...
[2026-05-04T15:04:22+00:00] [restaurant-pi-1] batch 5/566: uploading 56.2 MB to unassociated_zips/ (resumable, 8 MB chunks)...
[2026-05-04T15:04:27+00:00]   ...uploaded 8.0/56.2 MB (14%)
[2026-05-04T15:04:31+00:00]   ...uploaded 16.0/56.2 MB (28%)
[2026-05-04T15:04:35+00:00]   ...uploaded 24.0/56.2 MB (42%)
[2026-05-04T15:04:38+00:00]   ...uploaded 32.0/56.2 MB (56%)
[2026-05-04T15:04:43+00:00]   ...uploaded 40.0/56.2 MB (71%)
[2026-05-04T15:04:47+00:00]   ...uploaded 48.0/56.2 MB (85%)
[2026-05-04T15:04:51+00:00]   ...uploaded 56.0/56.2 MB (99%)
[2026-05-04T15:04:52+00:00] [restaurant-pi-1] batch 5/566: verifying upload (size + md5 + roundtrip + manifest)...
[2026-05-04T15:04:57+00:00] [restaurant-pi-1] batch 5/566: appending manifest log entry...
[2026-05-04T15:04:59+00:00] [restaurant-pi-1] batch 5/566: deleting 100 archived triplet folders (4 workers)...
[2026-05-04T15:05:16+00:00] [restaurant-pi-1] batch 5/566: done. zipped 100 triplets, skipped 0 (left on Drive for retry), deleted 100 originals, freed ~400 items.
[2026-05-04T15:05:25+00:00] [restaurant-pi-1] batch 6/566: downloading 100 triplets (4 workers)...
[2026-05-04T15:06:22+00:00] [restaurant-pi-1] batch 6/566: zipping...
[2026-05-04T15:06:24+00:00] [restaurant-pi-1] batch 6/566: uploading 56.2 MB to unassociated_zips/ (resumable, 8 MB chunks)...
[2026-05-04T15:06:28+00:00]   ...uploaded 8.0/56.2 MB (14%)
[2026-05-04T15:06:32+00:00]   ...uploaded 16.0/56.2 MB (28%)
[2026-05-04T15:06:36+00:00]   ...uploaded 24.0/56.2 MB (42%)
[2026-05-04T15:06:40+00:00]   ...uploaded 32.0/56.2 MB (56%)
[2026-05-04T15:06:44+00:00]   ...uploaded 40.0/56.2 MB (71%)
[2026-05-04T15:06:48+00:00]   ...uploaded 48.0/56.2 MB (85%)
[2026-05-04T15:06:52+00:00]   ...uploaded 56.0/56.2 MB (99%)
[2026-05-04T15:06:53+00:00] [restaurant-pi-1] batch 6/566: verifying upload (size + md5 + roundtrip + manifest)...
[2026-05-04T15:06:58+00:00] [restaurant-pi-1] batch 6/566: appending manifest log entry...
[2026-05-04T15:07:00+00:00] [restaurant-pi-1] batch 6/566: deleting 100 archived triplet folders (4 workers)...
[2026-05-04T15:07:18+00:00] [restaurant-pi-1] batch 6/566: done. zipped 100 triplets, skipped 0 (left on Drive for retry), deleted 100 originals, freed ~400 items.
[2026-05-04T15:07:26+00:00] [restaurant-pi-1] batch 7/566: downloading 100 triplets (4 workers)...
[2026-05-04T15:08:15+00:00] [restaurant-pi-1] batch 7/566: zipping...
[2026-05-04T15:08:17+00:00] [restaurant-pi-1] batch 7/566: uploading 56.0 MB to unassociated_zips/ (resumable, 8 MB chunks)...
[2026-05-04T15:08:22+00:00]   ...uploaded 8.0/56.0 MB (14%)
[2026-05-04T15:08:26+00:00]   ...uploaded 16.0/56.0 MB (28%)
[2026-05-04T15:08:30+00:00]   ...uploaded 24.0/56.0 MB (42%)
[2026-05-04T15:08:33+00:00]   ...uploaded 32.0/56.0 MB (57%)
[2026-05-04T15:08:39+00:00]   ...uploaded 40.0/56.0 MB (71%)
[2026-05-04T15:08:43+00:00]   ...uploaded 48.0/56.0 MB (85%)
[2026-05-04T15:08:48+00:00] [restaurant-pi-1] batch 7/566: verifying upload (size + md5 + roundtrip + manifest)...
[2026-05-04T15:08:53+00:00] [restaurant-pi-1] batch 7/566: appending manifest log entry...
[2026-05-04T15:08:55+00:00] [restaurant-pi-1] batch 7/566: deleting 100 archived triplet folders (4 workers)...
[2026-05-04T15:09:14+00:00] [restaurant-pi-1] batch 7/566: done. zipped 100 triplets, skipped 0 (left on Drive for retry), deleted 100 originals, freed ~400 items.
[2026-05-04T15:09:21+00:00] [restaurant-pi-1] batch 8/566: downloading 100 triplets (4 workers)...
[2026-05-04T15:10:13+00:00] [restaurant-pi-1] batch 8/566: zipping...
[2026-05-04T15:10:15+00:00] [restaurant-pi-1] batch 8/566: uploading 56.2 MB to unassociated_zips/ (resumable, 8 MB chunks)...
[2026-05-04T15:10:20+00:00]   ...uploaded 8.0/56.2 MB (14%)
[2026-05-04T15:10:23+00:00]   ...uploaded 16.0/56.2 MB (28%)
[2026-05-04T15:10:27+00:00]   ...uploaded 24.0/56.2 MB (42%)
[2026-05-04T15:10:31+00:00]   ...uploaded 32.0/56.2 MB (56%)
[2026-05-04T15:10:35+00:00]   ...uploaded 40.0/56.2 MB (71%)
[2026-05-04T15:10:39+00:00]   ...uploaded 48.0/56.2 MB (85%)
[2026-05-04T15:10:43+00:00]   ...uploaded 56.0/56.2 MB (99%)
[2026-05-04T15:10:44+00:00] [restaurant-pi-1] batch 8/566: verifying upload (size + md5 + roundtrip + manifest)...
[2026-05-04T15:10:51+00:00] [restaurant-pi-1] batch 8/566: appending manifest log entry...
[2026-05-04T15:10:53+00:00] [restaurant-pi-1] batch 8/566: deleting 100 archived triplet folders (4 workers)...
[2026-05-04T15:11:10+00:00] [restaurant-pi-1] batch 8/566: done. zipped 100 triplets, skipped 0 (left on Drive for retry), deleted 100 originals, freed ~400 items.
[2026-05-04T15:11:18+00:00] [restaurant-pi-1] batch 9/566: downloading 100 triplets (4 workers)...
[2026-05-04T15:12:05+00:00] [restaurant-pi-1] batch 9/566: zipping...
[2026-05-04T15:12:07+00:00] [restaurant-pi-1] batch 9/566: uploading 55.9 MB to unassociated_zips/ (resumable, 8 MB chunks)...
[2026-05-04T15:12:12+00:00]   ...uploaded 8.0/55.9 MB (14%)
[2026-05-04T15:12:20+00:00]   ...uploaded 16.0/55.9 MB (28%)
[2026-05-04T15:12:23+00:00]   ...uploaded 24.0/55.9 MB (42%)
[2026-05-04T15:12:27+00:00]   ...uploaded 32.0/55.9 MB (57%)
[2026-05-04T15:12:31+00:00]   ...uploaded 40.0/55.9 MB (71%)
[2026-05-04T15:12:36+00:00]   ...uploaded 48.0/55.9 MB (85%)
[2026-05-04T15:12:41+00:00] [restaurant-pi-1] batch 9/566: verifying upload (size + md5 + roundtrip + manifest)...
[2026-05-04T15:12:47+00:00] [restaurant-pi-1] batch 9/566: appending manifest log entry...
[2026-05-04T15:12:49+00:00] [restaurant-pi-1] batch 9/566: deleting 100 archived triplet folders (4 workers)...
[2026-05-04T15:13:07+00:00] [restaurant-pi-1] batch 9/566: done. zipped 100 triplets, skipped 0 (left on Drive for retry), deleted 100 originals, freed ~400 items.
[2026-05-04T15:13:15+00:00] [restaurant-pi-1] batch 10/566: downloading 100 triplets (4 workers)...
[2026-05-04T15:14:03+00:00] [restaurant-pi-1] batch 10/566: zipping...
[2026-05-04T15:14:05+00:00] [restaurant-pi-1] batch 10/566: uploading 56.0 MB to unassociated_zips/ (resumable, 8 MB chunks)...
[2026-05-04T15:14:10+00:00]   ...uploaded 8.0/56.0 MB (14%)
[2026-05-04T15:14:14+00:00]   ...uploaded 16.0/56.0 MB (28%)
[2026-05-04T15:14:17+00:00]   ...uploaded 24.0/56.0 MB (42%)
[2026-05-04T15:14:24+00:00]   ...uploaded 32.0/56.0 MB (57%)
[2026-05-04T15:14:28+00:00]   ...uploaded 40.0/56.0 MB (71%)
[2026-05-04T15:14:31+00:00]   ...uploaded 48.0/56.0 MB (85%)
[2026-05-04T15:14:36+00:00] [restaurant-pi-1] batch 10/566: verifying upload (size + md5 + roundtrip + manifest)...
[2026-05-04T15:14:41+00:00] [restaurant-pi-1] batch 10/566: appending manifest log entry...
[2026-05-04T15:14:44+00:00] [restaurant-pi-1] batch 10/566: deleting 100 archived triplet folders (4 workers)...
[2026-05-04T15:15:00+00:00] [restaurant-pi-1] batch 10/566: done. zipped 100 triplets, skipped 0 (left on Drive for retry), deleted 100 originals, freed ~400 items.
[2026-05-04T15:15:09+00:00] [restaurant-pi-1] batch 11/566: downloading 100 triplets (4 workers)...
[2026-05-04T15:16:06+00:00] [restaurant-pi-1] batch 11/566: zipping...
[2026-05-04T15:16:08+00:00] [restaurant-pi-1] batch 11/566: uploading 56.4 MB to unassociated_zips/ (resumable, 8 MB chunks)...
[2026-05-04T15:16:13+00:00]   ...uploaded 8.0/56.4 MB (14%)
[2026-05-04T15:16:17+00:00]   ...uploaded 16.0/56.4 MB (28%)
[2026-05-04T15:16:20+00:00]   ...uploaded 24.0/56.4 MB (42%)
[2026-05-04T15:16:24+00:00]   ...uploaded 32.0/56.4 MB (56%)
[2026-05-04T15:16:28+00:00]   ...uploaded 40.0/56.4 MB (70%)
[2026-05-04T15:16:31+00:00]   ...uploaded 48.0/56.4 MB (85%)
[2026-05-04T15:16:36+00:00]   ...uploaded 56.0/56.4 MB (99%)
[2026-05-04T15:16:37+00:00] [restaurant-pi-1] batch 11/566: verifying upload (size + md5 + roundtrip + manifest)...
[2026-05-04T15:16:44+00:00] [restaurant-pi-1] batch 11/566: appending manifest log entry...
[2026-05-04T15:16:47+00:00] [restaurant-pi-1] batch 11/566: deleting 100 archived triplet folders (4 workers)...
[2026-05-04T15:17:05+00:00] [restaurant-pi-1] batch 11/566: done. zipped 100 triplets, skipped 0 (left on Drive for retry), deleted 100 originals, freed ~400 items.
[2026-05-04T15:17:13+00:00] [restaurant-pi-1] batch 12/566: downloading 100 triplets (4 workers)...
[2026-05-04T15:18:00+00:00] [restaurant-pi-1] batch 12/566: zipping...
[2026-05-04T15:18:03+00:00] [restaurant-pi-1] batch 12/566: uploading 56.0 MB to unassociated_zips/ (resumable, 8 MB chunks)...
[2026-05-04T15:18:07+00:00]   ...uploaded 8.0/56.0 MB (14%)
[2026-05-04T15:18:11+00:00]   ...uploaded 16.0/56.0 MB (28%)
[2026-05-04T15:18:14+00:00]   ...uploaded 24.0/56.0 MB (42%)
[2026-05-04T15:18:19+00:00]   ...uploaded 32.0/56.0 MB (57%)
[2026-05-04T15:18:23+00:00]   ...uploaded 40.0/56.0 MB (71%)
[2026-05-04T15:18:27+00:00]   ...uploaded 48.0/56.0 MB (85%)
[2026-05-04T15:18:31+00:00] [restaurant-pi-1] batch 12/566: verifying upload (size + md5 + roundtrip + manifest)...
[2026-05-04T15:18:37+00:00] [restaurant-pi-1] batch 12/566: appending manifest log entry...
[2026-05-04T15:18:39+00:00] [restaurant-pi-1] batch 12/566: deleting 100 archived triplet folders (4 workers)...
[2026-05-04T15:18:57+00:00] [restaurant-pi-1] batch 12/566: done. zipped 100 triplets, skipped 0 (left on Drive for retry), deleted 100 originals, freed ~400 items.
[2026-05-04T15:19:04+00:00] [restaurant-pi-1] batch 13/566: downloading 100 triplets (4 workers)...
[2026-05-04T15:19:55+00:00] [restaurant-pi-1] batch 13/566: zipping...
[2026-05-04T15:19:57+00:00] [restaurant-pi-1] batch 13/566: uploading 55.6 MB to unassociated_zips/ (resumable, 8 MB chunks)...
[2026-05-04T15:20:01+00:00]   ...uploaded 8.0/55.6 MB (14%)
[2026-05-04T15:20:05+00:00]   ...uploaded 16.0/55.6 MB (28%)
[2026-05-04T15:20:08+00:00]   ...uploaded 24.0/55.6 MB (43%)
[2026-05-04T15:20:12+00:00]   ...uploaded 32.0/55.6 MB (57%)
[2026-05-04T15:20:15+00:00]   ...uploaded 40.0/55.6 MB (72%)
[2026-05-04T15:20:19+00:00]   ...uploaded 48.0/55.6 MB (86%)
[2026-05-04T15:20:24+00:00] [restaurant-pi-1] batch 13/566: verifying upload (size + md5 + roundtrip + manifest)...
[2026-05-04T15:20:30+00:00] [restaurant-pi-1] batch 13/566: appending manifest log entry...
[2026-05-04T15:20:32+00:00] [restaurant-pi-1] batch 13/566: deleting 100 archived triplet folders (4 workers)...
[2026-05-04T15:20:50+00:00] [restaurant-pi-1] batch 13/566: done. zipped 100 triplets, skipped 0 (left on Drive for retry), deleted 100 originals, freed ~400 items.
[2026-05-04T15:21:01+00:00] [restaurant-pi-1] batch 14/566: downloading 100 triplets (4 workers)...
[2026-05-04T15:21:47+00:00] [restaurant-pi-1] batch 14/566: zipping...
[2026-05-04T15:21:49+00:00] [restaurant-pi-1] batch 14/566: uploading 56.0 MB to unassociated_zips/ (resumable, 8 MB chunks)...
[2026-05-04T15:21:54+00:00]   ...uploaded 8.0/56.0 MB (14%)
[2026-05-04T15:21:57+00:00]   ...uploaded 16.0/56.0 MB (28%)
[2026-05-04T15:22:01+00:00]   ...uploaded 24.0/56.0 MB (42%)
[2026-05-04T15:22:04+00:00]   ...uploaded 32.0/56.0 MB (57%)
[2026-05-04T15:22:08+00:00]   ...uploaded 40.0/56.0 MB (71%)
[2026-05-04T15:22:12+00:00]   ...uploaded 48.0/56.0 MB (85%)
[2026-05-04T15:22:17+00:00]   ...uploaded 56.0/56.0 MB (99%)
[2026-05-04T15:22:18+00:00] [restaurant-pi-1] batch 14/566: verifying upload (size + md5 + roundtrip + manifest)...
[2026-05-04T15:22:23+00:00] [restaurant-pi-1] batch 14/566: appending manifest log entry...
[2026-05-04T15:22:26+00:00] [restaurant-pi-1] batch 14/566: deleting 100 archived triplet folders (4 workers)...
[2026-05-04T15:22:43+00:00] [restaurant-pi-1] batch 14/566: done. zipped 100 triplets, skipped 0 (left on Drive for retry), deleted 100 originals, freed ~400 items.
[2026-05-04T15:22:51+00:00] [restaurant-pi-1] batch 15/566: downloading 100 triplets (4 workers)...
[2026-05-04T15:23:34+00:00] [restaurant-pi-1] batch 15/566: zipping...
[2026-05-04T15:23:36+00:00] [restaurant-pi-1] batch 15/566: uploading 56.4 MB to unassociated_zips/ (resumable, 8 MB chunks)...
[2026-05-04T15:23:43+00:00]   ...uploaded 8.0/56.4 MB (14%)
[2026-05-04T15:23:47+00:00]   ...uploaded 16.0/56.4 MB (28%)
[2026-05-04T15:23:51+00:00]   ...uploaded 24.0/56.4 MB (42%)
[2026-05-04T15:23:54+00:00]   ...uploaded 32.0/56.4 MB (56%)
[2026-05-04T15:23:58+00:00]   ...uploaded 40.0/56.4 MB (70%)
[2026-05-04T15:24:02+00:00]   ...uploaded 48.0/56.4 MB (85%)
[2026-05-04T15:24:05+00:00]   ...uploaded 56.0/56.4 MB (99%)
[2026-05-04T15:24:07+00:00] [restaurant-pi-1] batch 15/566: verifying upload (size + md5 + roundtrip + manifest)...
[2026-05-04T15:24:10+00:00] [restaurant-pi-1] batch 15/566: appending manifest log entry...
[2026-05-04T15:24:13+00:00] [restaurant-pi-1] batch 15/566: deleting 100 archived triplet folders (4 workers)...
[2026-05-04T15:24:29+00:00] [restaurant-pi-1] batch 15/566: done. zipped 100 triplets, skipped 0 (left on Drive for retry), deleted 100 originals, freed ~400 items.
[2026-05-04T15:24:37+00:00] [restaurant-pi-1] batch 16/566: downloading 100 triplets (4 workers)...
[2026-05-04T15:25:22+00:00] [restaurant-pi-1] batch 16/566: zipping...
[2026-05-04T15:25:24+00:00] [restaurant-pi-1] batch 16/566: uploading 58.8 MB to unassociated_zips/ (resumable, 8 MB chunks)...
[2026-05-04T15:25:28+00:00]   ...uploaded 8.0/58.8 MB (13%)
[2026-05-04T15:25:31+00:00]   ...uploaded 16.0/58.8 MB (27%)
[2026-05-04T15:25:35+00:00]   ...uploaded 24.0/58.8 MB (40%)
[2026-05-04T15:25:38+00:00]   ...uploaded 32.0/58.8 MB (54%)
[2026-05-04T15:25:42+00:00]   ...uploaded 40.0/58.8 MB (68%)
[2026-05-04T15:25:46+00:00]   ...uploaded 48.0/58.8 MB (81%)
[2026-05-04T15:25:49+00:00]   ...uploaded 56.0/58.8 MB (95%)
[2026-05-04T15:25:51+00:00] [restaurant-pi-1] batch 16/566: verifying upload (size + md5 + roundtrip + manifest)...
[2026-05-04T15:25:59+00:00] [restaurant-pi-1] batch 16/566: appending manifest log entry...
[2026-05-04T15:26:02+00:00] [restaurant-pi-1] batch 16/566: deleting 100 archived triplet folders (4 workers)...
[2026-05-04T15:26:19+00:00] [restaurant-pi-1] batch 16/566: done. zipped 100 triplets, skipped 0 (left on Drive for retry), deleted 100 originals, freed ~400 items.
[2026-05-04T15:26:27+00:00] [restaurant-pi-1] batch 17/566: downloading 100 triplets (4 workers)...
[2026-05-04T15:27:13+00:00] [restaurant-pi-1] batch 17/566: zipping...
[2026-05-04T15:27:16+00:00] [restaurant-pi-1] batch 17/566: uploading 61.1 MB to unassociated_zips/ (resumable, 8 MB chunks)...
[2026-05-04T15:27:20+00:00]   ...uploaded 8.0/61.1 MB (13%)
[2026-05-04T15:27:24+00:00]   ...uploaded 16.0/61.1 MB (26%)
[2026-05-04T15:27:28+00:00]   ...uploaded 24.0/61.1 MB (39%)
[2026-05-04T15:27:32+00:00]   ...uploaded 32.0/61.1 MB (52%)
[2026-05-04T15:27:35+00:00]   ...uploaded 40.0/61.1 MB (65%)
[2026-05-04T15:27:39+00:00]   ...uploaded 48.0/61.1 MB (78%)
[2026-05-04T15:27:42+00:00]   ...uploaded 56.0/61.1 MB (91%)
[2026-05-04T15:27:46+00:00] [restaurant-pi-1] batch 17/566: verifying upload (size + md5 + roundtrip + manifest)...
[2026-05-04T15:27:50+00:00] [restaurant-pi-1] batch 17/566: appending manifest log entry...
[2026-05-04T15:27:52+00:00] [restaurant-pi-1] batch 17/566: deleting 100 archived triplet folders (4 workers)...
[2026-05-04T15:28:09+00:00] [restaurant-pi-1] batch 17/566: done. zipped 100 triplets, skipped 0 (left on Drive for retry), deleted 100 originals, freed ~400 items.
[2026-05-04T15:28:17+00:00] [restaurant-pi-1] batch 18/566: downloading 100 triplets (4 workers)...
[2026-05-04T15:29:02+00:00] [restaurant-pi-1] batch 18/566: zipping...
[2026-05-04T15:29:05+00:00] [restaurant-pi-1] batch 18/566: uploading 65.2 MB to unassociated_zips/ (resumable, 8 MB chunks)...
[2026-05-04T15:29:11+00:00]   ...uploaded 8.0/65.2 MB (12%)
[2026-05-04T15:29:15+00:00]   ...uploaded 16.0/65.2 MB (24%)
[2026-05-04T15:29:19+00:00]   ...uploaded 24.0/65.2 MB (36%)
[2026-05-04T15:29:29+00:00]   ...uploaded 32.0/65.2 MB (49%)
[2026-05-04T15:29:33+00:00]   ...uploaded 40.0/65.2 MB (61%)
[2026-05-04T15:29:37+00:00]   ...uploaded 48.0/65.2 MB (73%)
[2026-05-04T15:29:42+00:00]   ...uploaded 56.0/65.2 MB (85%)
[2026-05-04T15:29:45+00:00]   ...uploaded 64.0/65.2 MB (98%)
[2026-05-04T15:29:47+00:00] [restaurant-pi-1] batch 18/566: verifying upload (size + md5 + roundtrip + manifest)...
[2026-05-04T15:29:55+00:00] [restaurant-pi-1] batch 18/566: appending manifest log entry...
[2026-05-04T15:29:58+00:00] [restaurant-pi-1] batch 18/566: deleting 100 archived triplet folders (4 workers)...
[2026-05-04T15:30:16+00:00] [restaurant-pi-1] batch 18/566: done. zipped 100 triplets, skipped 0 (left on Drive for retry), deleted 100 originals, freed ~400 items.
[2026-05-04T15:30:24+00:00] [restaurant-pi-1] batch 19/566: downloading 100 triplets (4 workers)...
[2026-05-04T15:31:21+00:00] [restaurant-pi-1] batch 19/566: zipping...
[2026-05-04T15:31:24+00:00] [restaurant-pi-1] batch 19/566: uploading 68.5 MB to unassociated_zips/ (resumable, 8 MB chunks)...
[2026-05-04T15:31:28+00:00]   ...uploaded 8.0/68.5 MB (11%)
[2026-05-04T15:31:32+00:00]   ...uploaded 16.0/68.5 MB (23%)
[2026-05-04T15:31:37+00:00]   ...uploaded 24.0/68.5 MB (35%)
[2026-05-04T15:31:41+00:00]   ...uploaded 32.0/68.5 MB (46%)
[2026-05-04T15:31:44+00:00]   ...uploaded 40.0/68.5 MB (58%)
[2026-05-04T15:31:47+00:00]   ...uploaded 48.0/68.5 MB (70%)
[2026-05-04T15:31:51+00:00]   ...uploaded 56.0/68.5 MB (81%)
[2026-05-04T15:31:55+00:00]   ...uploaded 64.0/68.5 MB (93%)
[2026-05-04T15:31:58+00:00] [restaurant-pi-1] batch 19/566: verifying upload (size + md5 + roundtrip + manifest)...
[2026-05-04T15:32:04+00:00] [restaurant-pi-1] batch 19/566: appending manifest log entry...
[2026-05-04T15:32:07+00:00] [restaurant-pi-1] batch 19/566: deleting 100 archived triplet folders (4 workers)...
[2026-05-04T15:32:24+00:00] [restaurant-pi-1] batch 19/566: done. zipped 100 triplets, skipped 0 (left on Drive for retry), deleted 100 originals, freed ~400 items.
[2026-05-04T15:32:31+00:00] [restaurant-pi-1] batch 20/566: downloading 100 triplets (4 workers)...
[2026-05-04T15:33:30+00:00] [restaurant-pi-1] batch 20/566: zipping...
[2026-05-04T15:33:33+00:00] [restaurant-pi-1] batch 20/566: uploading 69.7 MB to unassociated_zips/ (resumable, 8 MB chunks)...
[2026-05-04T15:33:37+00:00]   ...uploaded 8.0/69.7 MB (11%)
[2026-05-04T15:33:40+00:00]   ...uploaded 16.0/69.7 MB (22%)
[2026-05-04T15:33:44+00:00]   ...uploaded 24.0/69.7 MB (34%)
[2026-05-04T15:33:48+00:00]   ...uploaded 32.0/69.7 MB (45%)
[2026-05-04T15:33:52+00:00]   ...uploaded 40.0/69.7 MB (57%)
[2026-05-04T15:33:55+00:00]   ...uploaded 48.0/69.7 MB (68%)
[2026-05-04T15:33:59+00:00]   ...uploaded 56.0/69.7 MB (80%)
[2026-05-04T15:34:03+00:00]   ...uploaded 64.0/69.7 MB (91%)
[2026-05-04T15:34:07+00:00] [restaurant-pi-1] batch 20/566: verifying upload (size + md5 + roundtrip + manifest)...
[2026-05-04T15:34:13+00:00] [restaurant-pi-1] batch 20/566: appending manifest log entry...
[2026-05-04T15:34:15+00:00] [restaurant-pi-1] batch 20/566: deleting 100 archived triplet folders (4 workers)...
[2026-05-04T15:34:32+00:00] [restaurant-pi-1] batch 20/566: done. zipped 100 triplets, skipped 0 (left on Drive for retry), deleted 100 originals, freed ~400 items.
[2026-05-04T15:34:39+00:00] [restaurant-pi-1] batch 21/566: downloading 100 triplets (4 workers)...
[2026-05-04T15:35:25+00:00] [restaurant-pi-1] batch 21/566: zipping...
[2026-05-04T15:35:28+00:00] [restaurant-pi-1] batch 21/566: uploading 70.5 MB to unassociated_zips/ (resumable, 8 MB chunks)...
[2026-05-04T15:35:32+00:00]   ...uploaded 8.0/70.5 MB (11%)
[2026-05-04T15:35:35+00:00]   ...uploaded 16.0/70.5 MB (22%)
[2026-05-04T15:35:40+00:00]   ...uploaded 24.0/70.5 MB (34%)
[2026-05-04T15:35:44+00:00]   ...uploaded 32.0/70.5 MB (45%)
[2026-05-04T15:35:47+00:00]   ...uploaded 40.0/70.5 MB (56%)
[2026-05-04T15:35:50+00:00]   ...uploaded 48.0/70.5 MB (68%)
[2026-05-04T15:35:54+00:00]   ...uploaded 56.0/70.5 MB (79%)
[2026-05-04T15:35:58+00:00]   ...uploaded 64.0/70.5 MB (90%)
[2026-05-04T15:36:03+00:00] [restaurant-pi-1] batch 21/566: verifying upload (size + md5 + roundtrip + manifest)...
[2026-05-04T15:36:08+00:00] [restaurant-pi-1] batch 21/566: appending manifest log entry...
[2026-05-04T15:36:10+00:00] [restaurant-pi-1] batch 21/566: deleting 100 archived triplet folders (4 workers)...
[2026-05-04T15:36:27+00:00] [restaurant-pi-1] batch 21/566: done. zipped 100 triplets, skipped 0 (left on Drive for retry), deleted 100 originals, freed ~400 items.
[2026-05-04T15:36:35+00:00] [restaurant-pi-1] batch 22/566: downloading 100 triplets (4 workers)...
[2026-05-04T15:37:21+00:00] [restaurant-pi-1] batch 22/566: zipping...
[2026-05-04T15:37:23+00:00] [restaurant-pi-1] batch 22/566: uploading 71.4 MB to unassociated_zips/ (resumable, 8 MB chunks)...
[2026-05-04T15:37:28+00:00]   ...uploaded 8.0/71.4 MB (11%)
[2026-05-04T15:37:32+00:00]   ...uploaded 16.0/71.4 MB (22%)
[2026-05-04T15:37:35+00:00]   ...uploaded 24.0/71.4 MB (33%)
[2026-05-04T15:37:39+00:00]   ...uploaded 32.0/71.4 MB (44%)
[2026-05-04T15:37:43+00:00]   ...uploaded 40.0/71.4 MB (56%)
[2026-05-04T15:37:47+00:00]   ...uploaded 48.0/71.4 MB (67%)
[2026-05-04T15:37:51+00:00]   ...uploaded 56.0/71.4 MB (78%)
[2026-05-04T15:37:55+00:00]   ...uploaded 64.0/71.4 MB (89%)
[2026-05-04T15:38:00+00:00] [restaurant-pi-1] batch 22/566: verifying upload (size + md5 + roundtrip + manifest)...
[2026-05-04T15:38:09+00:00] [restaurant-pi-1] batch 22/566: appending manifest log entry...
[2026-05-04T15:38:11+00:00] [restaurant-pi-1] batch 22/566: deleting 100 archived triplet folders (4 workers)...
[2026-05-04T15:38:29+00:00] [restaurant-pi-1] batch 22/566: done. zipped 100 triplets, skipped 0 (left on Drive for retry), deleted 100 originals, freed ~400 items.
[2026-05-04T15:38:37+00:00] [restaurant-pi-1] batch 23/566: downloading 100 triplets (4 workers)...
[2026-05-04T15:39:23+00:00] [restaurant-pi-1] batch 23/566: zipping...
[2026-05-04T15:39:26+00:00] [restaurant-pi-1] batch 23/566: uploading 71.1 MB to unassociated_zips/ (resumable, 8 MB chunks)...
[2026-05-04T15:39:30+00:00]   ...uploaded 8.0/71.1 MB (11%)
[2026-05-04T15:39:34+00:00]   ...uploaded 16.0/71.1 MB (22%)
[2026-05-04T15:39:38+00:00]   ...uploaded 24.0/71.1 MB (33%)
[2026-05-04T15:39:41+00:00]   ...uploaded 32.0/71.1 MB (44%)
[2026-05-04T15:39:45+00:00]   ...uploaded 40.0/71.1 MB (56%)
[2026-05-04T15:39:49+00:00]   ...uploaded 48.0/71.1 MB (67%)
[2026-05-04T15:39:53+00:00]   ...uploaded 56.0/71.1 MB (78%)
[2026-05-04T15:39:56+00:00]   ...uploaded 64.0/71.1 MB (89%)
[2026-05-04T15:40:01+00:00] [restaurant-pi-1] batch 23/566: verifying upload (size + md5 + roundtrip + manifest)...
[2026-05-04T15:40:09+00:00] [restaurant-pi-1] batch 23/566: appending manifest log entry...
[2026-05-04T15:40:11+00:00] [restaurant-pi-1] batch 23/566: deleting 100 archived triplet folders (4 workers)...
[2026-05-04T15:40:30+00:00] [restaurant-pi-1] batch 23/566: done. zipped 100 triplets, skipped 0 (left on Drive for retry), deleted 100 originals, freed ~400 items.
[2026-05-04T15:40:37+00:00] [restaurant-pi-1] batch 24/566: downloading 100 triplets (4 workers)...
[2026-05-04T15:41:25+00:00] [restaurant-pi-1] batch 24/566: zipping...
[2026-05-04T15:41:28+00:00] [restaurant-pi-1] batch 24/566: uploading 71.5 MB to unassociated_zips/ (resumable, 8 MB chunks)...
[2026-05-04T15:41:33+00:00]   ...uploaded 8.0/71.5 MB (11%)
[2026-05-04T15:41:37+00:00]   ...uploaded 16.0/71.5 MB (22%)
[2026-05-04T15:41:40+00:00]   ...uploaded 24.0/71.5 MB (33%)
[2026-05-04T15:41:44+00:00]   ...uploaded 32.0/71.5 MB (44%)
[2026-05-04T15:41:49+00:00]   ...uploaded 40.0/71.5 MB (55%)
[2026-05-04T15:41:52+00:00]   ...uploaded 48.0/71.5 MB (67%)
[2026-05-04T15:41:56+00:00]   ...uploaded 56.0/71.5 MB (78%)
[2026-05-04T15:42:00+00:00]   ...uploaded 64.0/71.5 MB (89%)
[2026-05-04T15:42:07+00:00] [restaurant-pi-1] batch 24/566: verifying upload (size + md5 + roundtrip + manifest)...
[2026-05-04T15:42:13+00:00] [restaurant-pi-1] batch 24/566: appending manifest log entry...
[2026-05-04T15:42:15+00:00] [restaurant-pi-1] batch 24/566: deleting 100 archived triplet folders (4 workers)...
[2026-05-04T15:42:32+00:00] [restaurant-pi-1] batch 24/566: done. zipped 100 triplets, skipped 0 (left on Drive for retry), deleted 100 originals, freed ~400 items.
[2026-05-04T15:42:40+00:00] [restaurant-pi-1] batch 25/566: downloading 100 triplets (4 workers)...
[2026-05-04T15:43:28+00:00] [restaurant-pi-1] batch 25/566: zipping...
[2026-05-04T15:43:31+00:00] [restaurant-pi-1] batch 25/566: uploading 70.9 MB to unassociated_zips/ (resumable, 8 MB chunks)...
[2026-05-04T15:43:35+00:00]   ...uploaded 8.0/70.9 MB (11%)
[2026-05-04T15:43:39+00:00]   ...uploaded 16.0/70.9 MB (22%)
[2026-05-04T15:43:43+00:00]   ...uploaded 24.0/70.9 MB (33%)
[2026-05-04T15:43:46+00:00]   ...uploaded 32.0/70.9 MB (45%)
[2026-05-04T15:43:50+00:00]   ...uploaded 40.0/70.9 MB (56%)
[2026-05-04T15:43:54+00:00]   ...uploaded 48.0/70.9 MB (67%)
[2026-05-04T15:43:59+00:00]   ...uploaded 56.0/70.9 MB (78%)
[2026-05-04T15:44:04+00:00]   ...uploaded 64.0/70.9 MB (90%)
[2026-05-04T15:44:08+00:00] [restaurant-pi-1] batch 25/566: verifying upload (size + md5 + roundtrip + manifest)...
[2026-05-04T15:44:13+00:00] [restaurant-pi-1] batch 25/566: appending manifest log entry...
[2026-05-04T15:44:15+00:00] [restaurant-pi-1] batch 25/566: deleting 100 archived triplet folders (4 workers)...
[2026-05-04T15:44:32+00:00] [restaurant-pi-1] batch 25/566: done. zipped 100 triplets, skipped 0 (left on Drive for retry), deleted 100 originals, freed ~400 items.
[2026-05-04T15:44:41+00:00] [restaurant-pi-1] batch 26/566: downloading 100 triplets (4 workers)...
[2026-05-04T15:45:29+00:00] [restaurant-pi-1] batch 26/566: zipping...
[2026-05-04T15:45:32+00:00] [restaurant-pi-1] batch 26/566: uploading 70.0 MB to unassociated_zips/ (resumable, 8 MB chunks)...
[2026-05-04T15:45:36+00:00]   ...uploaded 8.0/70.0 MB (11%)
[2026-05-04T15:45:40+00:00]   ...uploaded 16.0/70.0 MB (22%)
[2026-05-04T15:45:45+00:00]   ...uploaded 24.0/70.0 MB (34%)
[2026-05-04T15:45:49+00:00]   ...uploaded 32.0/70.0 MB (45%)
[2026-05-04T15:45:52+00:00]   ...uploaded 40.0/70.0 MB (57%)
[2026-05-04T15:45:56+00:00]   ...uploaded 48.0/70.0 MB (68%)
[2026-05-04T15:46:02+00:00]   ...uploaded 56.0/70.0 MB (79%)
[2026-05-04T15:46:05+00:00]   ...uploaded 64.0/70.0 MB (91%)
[2026-05-04T15:46:10+00:00] [restaurant-pi-1] batch 26/566: verifying upload (size + md5 + roundtrip + manifest)...
[2026-05-04T15:46:15+00:00] [restaurant-pi-1] batch 26/566: appending manifest log entry...
[2026-05-04T15:46:18+00:00] [restaurant-pi-1] batch 26/566: deleting 100 archived triplet folders (4 workers)...
[2026-05-04T15:46:35+00:00] [restaurant-pi-1] batch 26/566: done. zipped 100 triplets, skipped 0 (left on Drive for retry), deleted 100 originals, freed ~400 items.
[2026-05-04T15:46:42+00:00] [restaurant-pi-1] batch 27/566: downloading 100 triplets (4 workers)...
[2026-05-04T15:47:29+00:00] [restaurant-pi-1] batch 27/566: zipping...
[2026-05-04T15:47:32+00:00] [restaurant-pi-1] batch 27/566: uploading 70.7 MB to unassociated_zips/ (resumable, 8 MB chunks)...
[2026-05-04T15:47:36+00:00]   ...uploaded 8.0/70.7 MB (11%)
[2026-05-04T15:47:40+00:00]   ...uploaded 16.0/70.7 MB (22%)
[2026-05-04T15:47:43+00:00]   ...uploaded 24.0/70.7 MB (33%)
[2026-05-04T15:47:47+00:00]   ...uploaded 32.0/70.7 MB (45%)
[2026-05-04T15:47:50+00:00]   ...uploaded 40.0/70.7 MB (56%)
[2026-05-04T15:47:56+00:00]   ...uploaded 48.0/70.7 MB (67%)
[2026-05-04T15:47:59+00:00]   ...uploaded 56.0/70.7 MB (79%)
[2026-05-04T15:48:03+00:00]   ...uploaded 64.0/70.7 MB (90%)
[2026-05-04T15:48:07+00:00] [restaurant-pi-1] batch 27/566: verifying upload (size + md5 + roundtrip + manifest)...
[2026-05-04T15:48:19+00:00] [restaurant-pi-1] batch 27/566: appending manifest log entry...
[2026-05-04T15:48:21+00:00] [restaurant-pi-1] batch 27/566: deleting 100 archived triplet folders (4 workers)...
[2026-05-04T15:48:38+00:00] [restaurant-pi-1] batch 27/566: done. zipped 100 triplets, skipped 0 (left on Drive for retry), deleted 100 originals, freed ~400 items.
[2026-05-04T15:48:47+00:00] [restaurant-pi-1] batch 28/566: downloading 100 triplets (4 workers)...
[2026-05-04T15:49:31+00:00] [restaurant-pi-1] batch 28/566: zipping...
[2026-05-04T15:49:34+00:00] [restaurant-pi-1] batch 28/566: uploading 70.5 MB to unassociated_zips/ (resumable, 8 MB chunks)...
[2026-05-04T15:49:38+00:00]   ...uploaded 8.0/70.5 MB (11%)
[2026-05-04T15:49:43+00:00]   ...uploaded 16.0/70.5 MB (22%)
[2026-05-04T15:49:47+00:00]   ...uploaded 24.0/70.5 MB (34%)
[2026-05-04T15:49:50+00:00]   ...uploaded 32.0/70.5 MB (45%)
[2026-05-04T15:49:54+00:00]   ...uploaded 40.0/70.5 MB (56%)
[2026-05-04T15:49:58+00:00]   ...uploaded 48.0/70.5 MB (68%)
[2026-05-04T15:50:01+00:00]   ...uploaded 56.0/70.5 MB (79%)
[2026-05-04T15:50:05+00:00]   ...uploaded 64.0/70.5 MB (90%)
[2026-05-04T15:50:09+00:00] [restaurant-pi-1] batch 28/566: verifying upload (size + md5 + roundtrip + manifest)...
[2026-05-04T15:50:15+00:00] [restaurant-pi-1] batch 28/566: appending manifest log entry...
[2026-05-04T15:50:17+00:00] [restaurant-pi-1] batch 28/566: deleting 100 archived triplet folders (4 workers)...
[2026-05-04T15:50:35+00:00] [restaurant-pi-1] batch 28/566: done. zipped 100 triplets, skipped 0 (left on Drive for retry), deleted 100 originals, freed ~400 items.
[2026-05-04T15:50:43+00:00] [restaurant-pi-1] batch 29/566: downloading 100 triplets (4 workers)...
[2026-05-04T15:51:28+00:00] [restaurant-pi-1] batch 29/566: zipping...
[2026-05-04T15:51:30+00:00] [restaurant-pi-1] batch 29/566: uploading 71.2 MB to unassociated_zips/ (resumable, 8 MB chunks)...
[2026-05-04T15:51:35+00:00]   ...uploaded 8.0/71.2 MB (11%)
[2026-05-04T15:51:39+00:00]   ...uploaded 16.0/71.2 MB (22%)
[2026-05-04T15:51:43+00:00]   ...uploaded 24.0/71.2 MB (33%)
[2026-05-04T15:51:47+00:00]   ...uploaded 32.0/71.2 MB (44%)
[2026-05-04T15:51:52+00:00]   ...uploaded 40.0/71.2 MB (56%)
[2026-05-04T15:51:56+00:00]   ...uploaded 48.0/71.2 MB (67%)
[2026-05-04T15:52:00+00:00]   ...uploaded 56.0/71.2 MB (78%)
[2026-05-04T15:52:03+00:00]   ...uploaded 64.0/71.2 MB (89%)
[2026-05-04T15:52:08+00:00] [restaurant-pi-1] batch 29/566: verifying upload (size + md5 + roundtrip + manifest)...
[2026-05-04T15:52:13+00:00] [restaurant-pi-1] batch 29/566: appending manifest log entry...
[2026-05-04T15:52:15+00:00] [restaurant-pi-1] batch 29/566: deleting 100 archived triplet folders (4 workers)...
[2026-05-04T15:52:33+00:00] [restaurant-pi-1] batch 29/566: done. zipped 100 triplets, skipped 0 (left on Drive for retry), deleted 100 originals, freed ~400 items.
[2026-05-04T15:52:42+00:00] [restaurant-pi-1] batch 30/566: downloading 100 triplets (4 workers)...
[2026-05-04T15:53:28+00:00] [restaurant-pi-1] batch 30/566: zipping...
[2026-05-04T15:53:30+00:00] [restaurant-pi-1] batch 30/566: uploading 70.7 MB to unassociated_zips/ (resumable, 8 MB chunks)...
[2026-05-04T15:53:35+00:00]   ...uploaded 8.0/70.7 MB (11%)
[2026-05-04T15:53:40+00:00]   ...uploaded 16.0/70.7 MB (22%)
[2026-05-04T15:53:43+00:00]   ...uploaded 24.0/70.7 MB (33%)
[2026-05-04T15:53:47+00:00]   ...uploaded 32.0/70.7 MB (45%)
[2026-05-04T15:53:53+00:00]   ...uploaded 40.0/70.7 MB (56%)
[2026-05-04T15:53:57+00:00]   ...uploaded 48.0/70.7 MB (67%)
[2026-05-04T15:54:01+00:00]   ...uploaded 56.0/70.7 MB (79%)
[2026-05-04T15:54:05+00:00]   ...uploaded 64.0/70.7 MB (90%)
[2026-05-04T15:54:10+00:00] [restaurant-pi-1] batch 30/566: verifying upload (size + md5 + roundtrip + manifest)...
[2026-05-04T15:54:18+00:00] [restaurant-pi-1] batch 30/566: appending manifest log entry...
[2026-05-04T15:54:20+00:00] [restaurant-pi-1] batch 30/566: deleting 100 archived triplet folders (4 workers)...
[2026-05-04T15:54:38+00:00] [restaurant-pi-1] batch 30/566: done. zipped 100 triplets, skipped 0 (left on Drive for retry), deleted 100 originals, freed ~400 items.
[2026-05-04T15:54:46+00:00] [restaurant-pi-1] batch 31/566: downloading 100 triplets (4 workers)...
[2026-05-04T15:55:29+00:00] [restaurant-pi-1] batch 31/566: zipping...
[2026-05-04T15:55:32+00:00] [restaurant-pi-1] batch 31/566: uploading 70.8 MB to unassociated_zips/ (resumable, 8 MB chunks)...
[2026-05-04T15:55:36+00:00]   ...uploaded 8.0/70.8 MB (11%)
[2026-05-04T15:55:40+00:00]   ...uploaded 16.0/70.8 MB (22%)
[2026-05-04T15:55:44+00:00]   ...uploaded 24.0/70.8 MB (33%)
[2026-05-04T15:55:48+00:00]   ...uploaded 32.0/70.8 MB (45%)
[2026-05-04T15:55:52+00:00]   ...uploaded 40.0/70.8 MB (56%)
[2026-05-04T15:55:56+00:00]   ...uploaded 48.0/70.8 MB (67%)
[2026-05-04T15:56:02+00:00]   ...uploaded 56.0/70.8 MB (79%)
[2026-05-04T15:56:05+00:00]   ...uploaded 64.0/70.8 MB (90%)
[2026-05-04T15:56:10+00:00] [restaurant-pi-1] batch 31/566: verifying upload (size + md5 + roundtrip + manifest)...
[2026-05-04T15:56:17+00:00] [restaurant-pi-1] batch 31/566: appending manifest log entry...
[2026-05-04T15:56:21+00:00] [restaurant-pi-1] batch 31/566: deleting 100 archived triplet folders (4 workers)...
[2026-05-04T15:56:40+00:00] [restaurant-pi-1] batch 31/566: done. zipped 100 triplets, skipped 0 (left on Drive for retry), deleted 100 originals, freed ~400 items.
[2026-05-04T15:56:47+00:00] [restaurant-pi-1] batch 32/566: downloading 100 triplets (4 workers)...
[2026-05-04T15:57:32+00:00] [restaurant-pi-1] batch 32/566: zipping...
[2026-05-04T15:57:35+00:00] [restaurant-pi-1] batch 32/566: uploading 71.6 MB to unassociated_zips/ (resumable, 8 MB chunks)...
[2026-05-04T15:57:39+00:00]   ...uploaded 8.0/71.6 MB (11%)
[2026-05-04T15:57:43+00:00]   ...uploaded 16.0/71.6 MB (22%)
[2026-05-04T15:57:46+00:00]   ...uploaded 24.0/71.6 MB (33%)
[2026-05-04T15:57:50+00:00]   ...uploaded 32.0/71.6 MB (44%)
[2026-05-04T15:57:55+00:00]   ...uploaded 40.0/71.6 MB (55%)
[2026-05-04T15:57:59+00:00]   ...uploaded 48.0/71.6 MB (67%)
[2026-05-04T15:58:03+00:00]   ...uploaded 56.0/71.6 MB (78%)
[2026-05-04T15:58:06+00:00]   ...uploaded 64.0/71.6 MB (89%)
[2026-05-04T15:58:11+00:00] [restaurant-pi-1] batch 32/566: verifying upload (size + md5 + roundtrip + manifest)...
[2026-05-04T15:58:17+00:00] [restaurant-pi-1] batch 32/566: appending manifest log entry...
[2026-05-04T15:58:19+00:00] [restaurant-pi-1] batch 32/566: deleting 100 archived triplet folders (4 workers)...
[2026-05-04T15:58:37+00:00] [restaurant-pi-1] batch 32/566: done. zipped 100 triplets, skipped 0 (left on Drive for retry), deleted 100 originals, freed ~400 items.
[2026-05-04T15:58:44+00:00] [restaurant-pi-1] batch 33/566: downloading 100 triplets (4 workers)...
[2026-05-04T15:59:32+00:00] [restaurant-pi-1] batch 33/566: zipping...
[2026-05-04T15:59:34+00:00] [restaurant-pi-1] batch 33/566: uploading 70.4 MB to unassociated_zips/ (resumable, 8 MB chunks)...
[2026-05-04T15:59:42+00:00]   ...uploaded 8.0/70.4 MB (11%)
[2026-05-04T15:59:47+00:00]   ...uploaded 16.0/70.4 MB (22%)
[2026-05-04T15:59:50+00:00]   ...uploaded 24.0/70.4 MB (34%)
[2026-05-04T15:59:58+00:00]   ...uploaded 32.0/70.4 MB (45%)
[2026-05-04T16:00:01+00:00]   ...uploaded 40.0/70.4 MB (56%)
[2026-05-04T16:00:05+00:00]   ...uploaded 48.0/70.4 MB (68%)
[2026-05-04T16:00:09+00:00]   ...uploaded 56.0/70.4 MB (79%)
[2026-05-04T16:00:13+00:00]   ...uploaded 64.0/70.4 MB (90%)
[2026-05-04T16:00:18+00:00] [restaurant-pi-1] batch 33/566: verifying upload (size + md5 + roundtrip + manifest)...
[2026-05-04T16:00:26+00:00] [restaurant-pi-1] batch 33/566: appending manifest log entry...
[2026-05-04T16:00:28+00:00] [restaurant-pi-1] batch 33/566: deleting 100 archived triplet folders (4 workers)...
[2026-05-04T16:00:48+00:00] [restaurant-pi-1] batch 33/566: done. zipped 100 triplets, skipped 0 (left on Drive for retry), deleted 100 originals, freed ~400 items.
[2026-05-04T16:00:57+00:00] [restaurant-pi-1] batch 34/566: downloading 100 triplets (4 workers)...
[2026-05-04T16:02:00+00:00] [restaurant-pi-1] batch 34/566: zipping...
[2026-05-04T16:02:02+00:00] [restaurant-pi-1] batch 34/566: uploading 70.5 MB to unassociated_zips/ (resumable, 8 MB chunks)...
[2026-05-04T16:02:10+00:00]   ...uploaded 8.0/70.5 MB (11%)
[2026-05-04T16:02:14+00:00]   ...uploaded 16.0/70.5 MB (22%)
[2026-05-04T16:02:18+00:00]   ...uploaded 24.0/70.5 MB (34%)
[2026-05-04T16:02:22+00:00]   ...uploaded 32.0/70.5 MB (45%)
[2026-05-04T16:02:26+00:00]   ...uploaded 40.0/70.5 MB (56%)
[2026-05-04T16:02:30+00:00]   ...uploaded 48.0/70.5 MB (68%)
[2026-05-04T16:02:34+00:00]   ...uploaded 56.0/70.5 MB (79%)
[2026-05-04T16:02:39+00:00]   ...uploaded 64.0/70.5 MB (90%)
[2026-05-04T16:02:44+00:00] [restaurant-pi-1] batch 34/566: verifying upload (size + md5 + roundtrip + manifest)...
[2026-05-04T16:02:51+00:00] [restaurant-pi-1] batch 34/566: appending manifest log entry...
[2026-05-04T16:02:54+00:00] [restaurant-pi-1] batch 34/566: deleting 100 archived triplet folders (4 workers)...
[2026-05-04T16:03:11+00:00] [restaurant-pi-1] batch 34/566: done. zipped 100 triplets, skipped 0 (left on Drive for retry), deleted 100 originals, freed ~400 items.
[2026-05-04T16:03:19+00:00] [restaurant-pi-1] batch 35/566: downloading 100 triplets (4 workers)...
[2026-05-04T16:04:11+00:00] [restaurant-pi-1] batch 35/566: zipping...
[2026-05-04T16:04:14+00:00] [restaurant-pi-1] batch 35/566: uploading 70.8 MB to unassociated_zips/ (resumable, 8 MB chunks)...
[2026-05-04T16:04:18+00:00]   ...uploaded 8.0/70.8 MB (11%)
[2026-05-04T16:04:24+00:00]   ...uploaded 16.0/70.8 MB (22%)
[2026-05-04T16:04:28+00:00]   ...uploaded 24.0/70.8 MB (33%)
[2026-05-04T16:04:32+00:00]   ...uploaded 32.0/70.8 MB (45%)
[2026-05-04T16:04:36+00:00]   ...uploaded 40.0/70.8 MB (56%)
[2026-05-04T16:04:40+00:00]   ...uploaded 48.0/70.8 MB (67%)
[2026-05-04T16:04:44+00:00]   ...uploaded 56.0/70.8 MB (79%)
[2026-05-04T16:04:49+00:00]   ...uploaded 64.0/70.8 MB (90%)
[2026-05-04T16:04:54+00:00] [restaurant-pi-1] batch 35/566: verifying upload (size + md5 + roundtrip + manifest)...
[2026-05-04T16:05:07+00:00] [restaurant-pi-1] batch 35/566: appending manifest log entry...
[2026-05-04T16:05:14+00:00] [restaurant-pi-1] batch 35/566: deleting 100 archived triplet folders (4 workers)...
[2026-05-04T16:05:34+00:00] [restaurant-pi-1] batch 35/566: done. zipped 100 triplets, skipped 0 (left on Drive for retry), deleted 100 originals, freed ~400 items.
[2026-05-04T16:05:41+00:00] [restaurant-pi-1] batch 36/566: downloading 100 triplets (4 workers)...
